<html>
<body>
<pre>
<h1>µVision Build Log</h1>
<h2>Tool Versions:</h2>
IDE-Version: µVision V5.13.0.0
Copyright (C) 2014 ARM Ltd and ARM Germany GmbH. All rights reserved.
License Information: Chris Santos, UMaine, LIC=----
 
Tool Versions:
Toolchain:       MDK-Lite  Version: 5.13.0.0
Toolchain Path:  C:\Keil_v5\ARM\ARMCC\Bin
C Compiler:      Armcc.exe V5.05 update 1 (build 106)
Assembler:       Armasm.exe V5.05 update 1 (build 106)
Linker/Locator:  ArmLink.exe V5.05 update 1 (build 106)
Library Manager: ArmAr.exe V5.05 update 1 (build 106)
Hex Converter:   FromElf.exe V5.05 update 1 (build 106)
CPU DLL:         SARMCM3.DLL V5.13.0.0
Dialog DLL:      DCM.DLL V1.13.1.0
Target DLL:      STLink\ST-LINKIII-KEIL_SWO.dll V2.0.14.0_KEIL
Dialog DLL:      TCM.DLL V1.14.4.0
 
<h2>Project:</h2>
C:\Users\Chris\Desktop\Google Drive\Files\ECE 271\ece271_santos\RGB LED\RGB LED.uvprojx
Project File Date:  03/16/2015

<h2>Output:</h2>
Build target 'Target 1'
compiling Main.c...
Main.c(4): warning:  #1295-D: Deprecated declaration GPIO_Setup - give arg types
  void GPIO_Setup();
Main.c(5): warning:  #1295-D: Deprecated declaration Timer2Setup - give arg types
  void Timer2Setup();
Main.c(6): warning:  #1295-D: Deprecated declaration HSI - give arg types
  void HSI();
Main.c(39): warning:  #1-D: last line of file ends without a newline
  }
Main.c: 4 warnings, 0 errors
linking...
Program Size: Code=620 RO-data=260 RW-data=0 ZI-data=1632  
FromELF: creating hex file...
".\Objects\RGB LED.axf" - 0 Error(s), 4 Warning(s).

<h2>Software Packages used:</h2>

Package Vendor: ARM
                http://www.keil.com/pack/ARM.CMSIS.4.2.0.pack
                ARM::CMSIS:CORE:3.40.0
                CMSIS (Cortex Microcontroller Software Interface Standard)
   * Component: CORE Version: 3.40.0

<h2>Collection of Component include folders:</h2>
  C:\Users\Chris\Desktop\Google Drive\Files\ECE 271\ece271_santos\RGB LED\RTE
  C:\Keil_v5\ARM\PACK\ARM\CMSIS\4.2.0\CMSIS\Include
  C:\Keil_v5\ARM\PACK\Keil\STM32L1xx_DFP\1.0.2\Device\Include

<h2>Collection of Component Files used:</h2>

   * Component: ARM::CMSIS:CORE:3.40.0
      Source file:   CMSIS\UserCodeTemplates\ARM\ITM_Retarget.c
</pre>
</body>
</html>
